
feature@org.teiid.designer.runtime.feature=SVN,,http://anonsvn.jboss.org/repos,,tdesigner/trunk/org.teiid.designer.runtime.feature
feature@org.teiid.designer.feature=SVN,,http://anonsvn.jboss.org/repos,,tdesigner/trunk/org.teiid.designer.feature
plugin@net.sf.saxon=SVN,,http://anonsvn.jboss.org/repos,,tdesigner/trunk/net.sf.saxon
plugin@net.sourceforge.sqlexplorer=SVN,,http://anonsvn.jboss.org/repos,,tdesigner/trunk/net.sourceforge.sqlexplorer
plugin@org.apache.commons.validator=SVN,,http://anonsvn.jboss.org/repos,,tdesigner/trunk/org.apache.commons.validator
plugin@org.apache.oro=SVN,,http://anonsvn.jboss.org/repos,,tdesigner/trunk/org.apache.oro
plugin@org.apache.poi=SVN,,http://anonsvn.jboss.org/repos,,tdesigner/trunk/org.apache.poi
plugin@org.jaxen=SVN,,http://anonsvn.jboss.org/repos,,tdesigner/trunk/org.jaxen
plugin@org.jdom=SVN,,http://anonsvn.jboss.org/repos,,tdesigner/trunk/org.jdom
plugin@org.teiid.core.designer=SVN,,http://anonsvn.jboss.org/repos,,tdesigner/trunk/org.teiid.core.designer
plugin@org.teiid.core.designer.test=SVN,,http://anonsvn.jboss.org/repos,,tdesigner/trunk/org.teiid.core.designer.test
plugin@org.teiid.designer.compare=SVN,,http://anonsvn.jboss.org/repos,,tdesigner/trunk/org.teiid.designer.compare
plugin@org.teiid.designer.compare.test=SVN,,http://anonsvn.jboss.org/repos,,tdesigner/trunk/org.teiid.designer.compare.test
plugin@org.teiid.designer.compare.ui=SVN,,http://anonsvn.jboss.org/repos,,tdesigner/trunk/org.teiid.designer.compare.ui
plugin@org.teiid.designer.core=SVN,,http://anonsvn.jboss.org/repos,,tdesigner/trunk/org.teiid.designer.core
plugin@org.teiid.designer.core.test=SVN,,http://anonsvn.jboss.org/repos,,tdesigner/trunk/org.teiid.designer.core.test
plugin@org.teiid.designer.core.xslt=SVN,,http://anonsvn.jboss.org/repos,,tdesigner/trunk/org.teiid.designer.core.xslt
plugin@org.teiid.designer.core.xslt.test=SVN,,http://anonsvn.jboss.org/repos,,tdesigner/trunk/org.teiid.designer.core.xslt.test
plugin@org.teiid.designer.ddl=SVN,,http://anonsvn.jboss.org/repos,,tdesigner/trunk/org.teiid.designer.ddl
plugin@org.teiid.designer.diagram.ui=SVN,,http://anonsvn.jboss.org/repos,,tdesigner/trunk/org.teiid.designer.diagram.ui
plugin@org.teiid.designer.dqp=SVN,,http://anonsvn.jboss.org/repos,,tdesigner/trunk/org.teiid.designer.dqp
plugin@org.teiid.designer.dqp.test=SVN,,http://anonsvn.jboss.org/repos,,tdesigner/trunk/org.teiid.designer.dqp.test
plugin@org.teiid.designer.dqp.ui=SVN,,http://anonsvn.jboss.org/repos,,tdesigner/trunk/org.teiid.designer.dqp.ui
plugin@org.teiid.designer.help=SVN,,http://anonsvn.jboss.org/repos,,tdesigner/trunk/org.teiid.designer.help
plugin@org.teiid.designer.jdbc.relational=SVN,,http://anonsvn.jboss.org/repos,,tdesigner/trunk/org.teiid.designer.jdbc.relational
plugin@org.teiid.designer.jdbc.relational.test=SVN,,http://anonsvn.jboss.org/repos,,tdesigner/trunk/org.teiid.designer.jdbc.relational.test
plugin@org.teiid.designer.jdbc=SVN,,http://anonsvn.jboss.org/repos,,tdesigner/trunk/org.teiid.designer.jdbc
plugin@org.teiid.designer.jdbc.test=SVN,,http://anonsvn.jboss.org/repos,,tdesigner/trunk/org.teiid.designer.jdbc.test
plugin@org.teiid.designer.jdbc.ui=SVN,,http://anonsvn.jboss.org/repos,,tdesigner/trunk/org.teiid.designer.jdbc.ui
plugin@org.teiid.designer.legacy=SVN,,http://anonsvn.jboss.org/repos,,tdesigner/trunk/org.teiid.designer.legacy
plugin@org.teiid.designer.mapping=SVN,,http://anonsvn.jboss.org/repos,,tdesigner/trunk/org.teiid.designer.mapping
plugin@org.teiid.designer.mapping.ui=SVN,,http://anonsvn.jboss.org/repos,,tdesigner/trunk/org.teiid.designer.mapping.ui
plugin@org.teiid.designer.mapping.ui.test=SVN,,http://anonsvn.jboss.org/repos,,tdesigner/trunk/org.teiid.designer.mapping.ui.test
plugin@org.teiid.designer.metamodels.builder.execution=SVN,,http://anonsvn.jboss.org/repos,,tdesigner/trunk/org.teiid.designer.metamodels.builder.execution
plugin@org.teiid.designer.metamodels.builder=SVN,,http://anonsvn.jboss.org/repos,,tdesigner/trunk/org.teiid.designer.metamodels.builder
plugin@org.teiid.designer.metamodels.core=SVN,,http://anonsvn.jboss.org/repos,,tdesigner/trunk/org.teiid.designer.metamodels.core
plugin@org.teiid.designer.metamodels.core.test=SVN,,http://anonsvn.jboss.org/repos,,tdesigner/trunk/org.teiid.designer.metamodels.core.test
plugin@org.teiid.designer.metamodels.dependency=SVN,,http://anonsvn.jboss.org/repos,,tdesigner/trunk/org.teiid.designer.metamodels.dependency
plugin@org.teiid.designer.metamodels.dependency.test=SVN,,http://anonsvn.jboss.org/repos,,tdesigner/trunk/org.teiid.designer.metamodels.dependency.test
plugin@org.teiid.designer.metamodels.diagram=SVN,,http://anonsvn.jboss.org/repos,,tdesigner/trunk/org.teiid.designer.metamodels.diagram
plugin@org.teiid.designer.metamodels.function=SVN,,http://anonsvn.jboss.org/repos,,tdesigner/trunk/org.teiid.designer.metamodels.function
plugin@org.teiid.designer.metamodels.history=SVN,,http://anonsvn.jboss.org/repos,,tdesigner/trunk/org.teiid.designer.metamodels.history
plugin@org.teiid.designer.metamodels.relational=SVN,,http://anonsvn.jboss.org/repos,,tdesigner/trunk/org.teiid.designer.metamodels.relational
plugin@org.teiid.designer.metamodels.relational.test=SVN,,http://anonsvn.jboss.org/repos,,tdesigner/trunk/org.teiid.designer.metamodels.relational.test
plugin@org.teiid.designer.metamodels.relationship=SVN,,http://anonsvn.jboss.org/repos,,tdesigner/trunk/org.teiid.designer.metamodels.relationship
plugin@org.teiid.designer.metamodels.relationship.test=SVN,,http://anonsvn.jboss.org/repos,,tdesigner/trunk/org.teiid.designer.metamodels.relationship.test
plugin@org.teiid.designer.metamodels.transformation=SVN,,http://anonsvn.jboss.org/repos,,tdesigner/trunk/org.teiid.designer.metamodels.transformation
plugin@org.teiid.designer.metamodels.transformation.test=SVN,,http://anonsvn.jboss.org/repos,,tdesigner/trunk/org.teiid.designer.metamodels.transformation.test
plugin@org.teiid.designer.metamodels.uml2=SVN,,http://anonsvn.jboss.org/repos,,tdesigner/trunk/org.teiid.designer.metamodels.uml2
plugin@org.teiid.designer.metamodels.uml2.test=SVN,,http://anonsvn.jboss.org/repos,,tdesigner/trunk/org.teiid.designer.metamodels.uml2.test
plugin@org.teiid.designer.metamodels.webservice=SVN,,http://anonsvn.jboss.org/repos,,tdesigner/trunk/org.teiid.designer.metamodels.webservice
plugin@org.teiid.designer.metamodels.webservice.test=SVN,,http://anonsvn.jboss.org/repos,,tdesigner/trunk/org.teiid.designer.metamodels.webservice.test
plugin@org.teiid.designer.metamodels.wsdl=SVN,,http://anonsvn.jboss.org/repos,,tdesigner/trunk/org.teiid.designer.metamodels.wsdl
plugin@org.teiid.designer.metamodels.wsdl.test=SVN,,http://anonsvn.jboss.org/repos,,tdesigner/trunk/org.teiid.designer.metamodels.wsdl.test
plugin@org.teiid.designer.metamodels.xmlservice=SVN,,http://anonsvn.jboss.org/repos,,tdesigner/trunk/org.teiid.designer.metamodels.xmlservice
plugin@org.teiid.designer.metamodels.xml=SVN,,http://anonsvn.jboss.org/repos,,tdesigner/trunk/org.teiid.designer.metamodels.xml
plugin@org.teiid.designer.metamodels.xml.test=SVN,,http://anonsvn.jboss.org/repos,,tdesigner/trunk/org.teiid.designer.metamodels.xml.test
plugin@org.teiid.designer.metamodels.xsd=SVN,,http://anonsvn.jboss.org/repos,,tdesigner/trunk/org.teiid.designer.metamodels.xsd
plugin@org.teiid.designer.metamodels.xsd.ui=SVN,,http://anonsvn.jboss.org/repos,,tdesigner/trunk/org.teiid.designer.metamodels.xsd.ui
plugin@org.teiid.designer.modelgenerator.salesforce=SVN,,http://anonsvn.jboss.org/repos,,tdesigner/trunk/org.teiid.designer.modelgenerator.salesforce
plugin@org.teiid.designer.modelgenerator.salesforce.test=SVN,,http://anonsvn.jboss.org/repos,,tdesigner/trunk/org.teiid.designer.modelgenerator.salesforce.test
plugin@org.teiid.designer.modelgenerator.salesforce.ui=SVN,,http://anonsvn.jboss.org/repos,,tdesigner/trunk/org.teiid.designer.modelgenerator.salesforce.ui
plugin@org.teiid.designer.modelgenerator=SVN,,http://anonsvn.jboss.org/repos,,tdesigner/trunk/org.teiid.designer.modelgenerator
plugin@org.teiid.designer.modelgenerator.test=SVN,,http://anonsvn.jboss.org/repos,,tdesigner/trunk/org.teiid.designer.modelgenerator.test
plugin@org.teiid.designer.modelgenerator.ui=SVN,,http://anonsvn.jboss.org/repos,,tdesigner/trunk/org.teiid.designer.modelgenerator.ui
plugin@org.teiid.designer.modelgenerator.uml2=SVN,,http://anonsvn.jboss.org/repos,,tdesigner/trunk/org.teiid.designer.modelgenerator.uml2
plugin@org.teiid.designer.modelgenerator.uml2.test=SVN,,http://anonsvn.jboss.org/repos,,tdesigner/trunk/org.teiid.designer.modelgenerator.uml2.test
plugin@org.teiid.designer.modelgenerator.wsdl=SVN,,http://anonsvn.jboss.org/repos,,tdesigner/trunk/org.teiid.designer.modelgenerator.wsdl
plugin@org.teiid.designer.modelgenerator.wsdl.test=SVN,,http://anonsvn.jboss.org/repos,,tdesigner/trunk/org.teiid.designer.modelgenerator.wsdl.test
plugin@org.teiid.designer.modelgenerator.wsdl.ui=SVN,,http://anonsvn.jboss.org/repos,,tdesigner/trunk/org.teiid.designer.modelgenerator.wsdl.ui
plugin@org.teiid.designer.modelgenerator.xml=SVN,,http://anonsvn.jboss.org/repos,,tdesigner/trunk/org.teiid.designer.modelgenerator.xml
plugin@org.teiid.designer.modelgenerator.xml.test=SVN,,http://anonsvn.jboss.org/repos,,tdesigner/trunk/org.teiid.designer.modelgenerator.xml.test
plugin@org.teiid.designer.query.ui=SVN,,http://anonsvn.jboss.org/repos,,tdesigner/trunk/org.teiid.designer.query.ui
plugin@org.teiid.designer.query.ui.test=SVN,,http://anonsvn.jboss.org/repos,,tdesigner/trunk/org.teiid.designer.query.ui.test
plugin@org.teiid.designer.relational.ui=SVN,,http://anonsvn.jboss.org/repos,,tdesigner/trunk/org.teiid.designer.relational.ui
plugin@org.teiid.designer.relationship=SVN,,http://anonsvn.jboss.org/repos,,tdesigner/trunk/org.teiid.designer.relationship
plugin@org.teiid.designer.relationship.test=SVN,,http://anonsvn.jboss.org/repos,,tdesigner/trunk/org.teiid.designer.relationship.test
plugin@org.teiid.designer.relationship.ui=SVN,,http://anonsvn.jboss.org/repos,,tdesigner/trunk/org.teiid.designer.relationship.ui
plugin@org.teiid.designer.rose=SVN,,http://anonsvn.jboss.org/repos,,tdesigner/trunk/org.teiid.designer.rose
plugin@org.teiid.designer.rose.ui=SVN,,http://anonsvn.jboss.org/repos,,tdesigner/trunk/org.teiid.designer.rose.ui
plugin@org.teiid.designer.schema.tools=SVN,,http://anonsvn.jboss.org/repos,,tdesigner/trunk/org.teiid.designer.schema.tools
plugin@org.teiid.designer.schema.tools.test=SVN,,http://anonsvn.jboss.org/repos,,tdesigner/trunk/org.teiid.designer.schema.tools.test
plugin@org.teiid.designer.sdt=SVN,,http://anonsvn.jboss.org/repos,,tdesigner/trunk/org.teiid.designer.sdt
plugin@org.teiid.designer.sdt.test=SVN,,http://anonsvn.jboss.org/repos,,tdesigner/trunk/org.teiid.designer.sdt.test
plugin@org.teiid.designer=SVN,,http://anonsvn.jboss.org/repos,,tdesigner/trunk/org.teiid.designer
plugin@org.teiid.designer.tools.textimport.ui=SVN,,http://anonsvn.jboss.org/repos,,tdesigner/trunk/org.teiid.designer.tools.textimport.ui
plugin@org.teiid.designer.transformation=SVN,,http://anonsvn.jboss.org/repos,,tdesigner/trunk/org.teiid.designer.transformation
plugin@org.teiid.designer.transformation.test=SVN,,http://anonsvn.jboss.org/repos,,tdesigner/trunk/org.teiid.designer.transformation.test
plugin@org.teiid.designer.transformation.ui=SVN,,http://anonsvn.jboss.org/repos,,tdesigner/trunk/org.teiid.designer.transformation.ui
plugin@org.teiid.designer.udf=SVN,,http://anonsvn.jboss.org/repos,,tdesigner/trunk/org.teiid.designer.udf
plugin@org.teiid.designer.udf.ui=SVN,,http://anonsvn.jboss.org/repos,,tdesigner/trunk/org.teiid.designer.udf.ui
plugin@org.teiid.designer.ui.common=SVN,,http://anonsvn.jboss.org/repos,,tdesigner/trunk/org.teiid.designer.ui.common
plugin@org.teiid.designer.ui.common.test=SVN,,http://anonsvn.jboss.org/repos,,tdesigner/trunk/org.teiid.designer.ui.common.test
plugin@org.teiid.designer.ui=SVN,,http://anonsvn.jboss.org/repos,,tdesigner/trunk/org.teiid.designer.ui
plugin@org.teiid.designer.ui.test=SVN,,http://anonsvn.jboss.org/repos,,tdesigner/trunk/org.teiid.designer.ui.test
plugin@org.teiid.designer.vdb=SVN,,http://anonsvn.jboss.org/repos,,tdesigner/trunk/org.teiid.designer.vdb
plugin@org.teiid.designer.vdb.ui=SVN,,http://anonsvn.jboss.org/repos,,tdesigner/trunk/org.teiid.designer.vdb.ui
plugin@org.teiid.designer.webservice=SVN,,http://anonsvn.jboss.org/repos,,tdesigner/trunk/org.teiid.designer.webservice
plugin@org.teiid.designer.webservice.test=SVN,,http://anonsvn.jboss.org/repos,,tdesigner/trunk/org.teiid.designer.webservice.test
plugin@org.teiid.designer.webservice.ui=SVN,,http://anonsvn.jboss.org/repos,,tdesigner/trunk/org.teiid.designer.webservice.ui
plugin@org.teiid.designer.webservice.ui.test=SVN,,http://anonsvn.jboss.org/repos,,tdesigner/trunk/org.teiid.designer.webservice.ui.test
plugin@org.teiid.designer.xml=SVN,,http://anonsvn.jboss.org/repos,,tdesigner/trunk/org.teiid.designer.xml
plugin@org.teiid.designer.xml.ui=SVN,,http://anonsvn.jboss.org/repos,,tdesigner/trunk/org.teiid.designer.xml.ui
plugin@org.teiid.designer.xml.ui.test=SVN,,http://anonsvn.jboss.org/repos,,tdesigner/trunk/org.teiid.designer.xml.ui.test
plugin@org.teiid.designer.xsd=SVN,,http://anonsvn.jboss.org/repos,,tdesigner/trunk/org.teiid.designer.xsd
plugin@org.teiid.designer.xsd.ui=SVN,,http://anonsvn.jboss.org/repos,,tdesigner/trunk/org.teiid.designer.xsd.ui
plugin@org.teiid.designer.xsd.ui.test=SVN,,http://anonsvn.jboss.org/repos,,tdesigner/trunk/org.teiid.designer.xsd.ui.test
plugin@org.wsdl4j=SVN,,http://anonsvn.jboss.org/repos,,tdesigner/trunk/org.wsdl4j
plugin@teiid_embedded_query=SVN,,http://anonsvn.jboss.org/repos,,tdesigner/trunk/teiid_embedded_query
